// Vitest Snapshot v1, https://vitest.dev/guide/snapshot.html

exports[`2007p1q2 1`] = `
Answer {
  "answer": {
    "parts": [
      {
        "body": "<p><math><mrow><mi>g</mi><mi>f</mi><mo lspace="0.2222em" rspace="0.2222em">:</mo></mrow><mrow><mi>x</mi><mo>↦</mo></mrow><mrow><mfrac><mn>1</mn><msup><mrow><mo fence="true" form="prefix">(</mo><mi>x</mi><mo>−</mo><mn>3</mn><mo fence="true" form="postfix">)</mo></mrow><mn>2</mn></msup></mfrac><mo separator="true">,</mo><mspace width="1em"></mspace></mrow><mrow><mo></mo><mrow><mi>x</mi><mo>∈</mo><mi>ℝ</mi><mo separator="true">,</mo><mi>x</mi><mo>≠</mo><mn>3</mn></mrow><mi>.</mi></mrow></math></p>
<p><math><mrow><mi>f</mi><mi>g</mi></mrow></math>
does not exist as <math><mrow><mrow><msub><mi>R</mi><mi>g</mi></msub><mo>⊈</mo><msub><mi>D</mi><mi>f</mi></msub></mrow><mi>.</mi></mrow></math></p>
",
      },
      {
        "body": "<p><math><mrow><msup><mi>f</mi><mrow><mo lspace="0em" rspace="0em">−</mo><mn>1</mn></mrow></msup><mo form="prefix" stretchy="false">(</mo><mi>x</mi><mo form="postfix" stretchy="false">)</mo><mo>=</mo></mrow><mrow><mfrac><mrow><mn>1</mn><mo>+</mo><mn>3</mn><mi>x</mi></mrow><mi>x</mi></mfrac><mi>.</mi></mrow></math>
<br>
<math><mrow><msub><mi>D</mi><msup><mi>f</mi><mrow><mo lspace="0em" rspace="0em">−</mo><mn>1</mn></mrow></msup></msub><mo>=</mo></mrow><mrow><mrow><mo fence="true" form="prefix">(</mo><mo form="prefix" stretchy="false">−</mo><mi>∞</mi><mo separator="true">,</mo><mn>0</mn><mo fence="true" form="postfix">)</mo></mrow><mo>∪</mo></mrow><mrow><mrow><mo fence="true" form="prefix">(</mo><mn>0</mn><mo separator="true">,</mo><mi>∞</mi><mo fence="true" form="postfix">)</mo></mrow><mi>.</mi></mrow></math></p>
",
      },
    ],
  },
  "solution": {
    "parts": [
      {
        "body": "<p><math display="block" class="tml-display" style="display:block math;"><mtable displaystyle="true" columnalign="right left"><mtr><mtd class="tml-right" style="padding:0.7ex 0em 0.7ex 0em;"><mrow><mi>g</mi><mi>f</mi><mo form="prefix" stretchy="false">(</mo><mi>x</mi><mo form="postfix" stretchy="false">)</mo></mrow></mtd><mtd class="tml-left" style="padding:0.7ex 0em 0.7ex 0em;"><mrow><mo>=</mo><mi>g</mi><mrow><mo fence="true" form="prefix">(</mo><mfrac><mn>1</mn><mrow><mi>x</mi><mo>−</mo><mn>3</mn></mrow></mfrac><mo fence="true" form="postfix">)</mo></mrow></mrow></mtd></mtr><mtr><mtd class="tml-right" style="padding:0.7ex 0em 0.7ex 0em;"><mrow></mrow></mtd><mtd class="tml-left" style="padding:0.7ex 0em 0.7ex 0em;"><mrow><mo>=</mo><msup><mrow><mo fence="true" form="prefix">(</mo><mfrac><mn>1</mn><mrow><mi>x</mi><mo>−</mo><mn>3</mn></mrow></mfrac><mo fence="true" form="postfix">)</mo></mrow><mn>2</mn></msup></mrow></mtd></mtr><mtr><mtd class="tml-right" style="padding:0.7ex 0em 0.7ex 0em;"><mrow></mrow></mtd><mtd class="tml-left" style="padding:0.7ex 0em 0.7ex 0em;"><mrow><mo>=</mo><mfrac><mn>1</mn><msup><mrow><mo fence="true" form="prefix">(</mo><mi>x</mi><mo>−</mo><mn>3</mn><mo fence="true" form="postfix">)</mo></mrow><mn>2</mn></msup></mfrac></mrow></mtd></mtr></mtable></math></p>
<p><math display="block" class="tml-display" style="display:block math;"><mrow><mi>g</mi><mi>f</mi><mo lspace="0.2222em" rspace="0.2222em">:</mo><mi>x</mi><mo>↦</mo><mfrac><mn>1</mn><msup><mrow><mo fence="true" form="prefix">(</mo><mi>x</mi><mo>−</mo><mn>3</mn><mo fence="true" form="postfix">)</mo></mrow><mn>2</mn></msup></mfrac><mo separator="true">,</mo><mspace width="1em"></mspace><mi>x</mi><mo>∈</mo><mi>ℝ</mi><mo separator="true">,</mo><mi>x</mi><mo>≠</mo><mn>3</mn><mspace width="0.2778em"></mspace><mi>∎</mi></mrow></math></p>
<p><math display="block" class="tml-display" style="display:block math;"><mtable displaystyle="true" columnalign="right left"><mtr><mtd class="tml-right" style="padding:0.7ex 0em 0.7ex 0em;"><msub><mi>R</mi><mi>g</mi></msub></mtd><mtd class="tml-left" style="padding:0.7ex 0em 0.7ex 0em;"><mrow><mo>=</mo><mrow><mo fence="true" form="prefix">[</mo><mn>0</mn><mo separator="true">,</mo><mi>∞</mi><mo fence="true" form="postfix">)</mo></mrow></mrow></mtd></mtr><mtr><mtd class="tml-right" style="padding:0.7ex 0em 0.7ex 0em;"><msub><mi>D</mi><mi>f</mi></msub></mtd><mtd class="tml-left" style="padding:0.7ex 0em 0.7ex 0em;"><mrow><mo>=</mo><mrow><mo fence="true" form="prefix">(</mo><mo form="prefix" stretchy="false">−</mo><mi>∞</mi><mo separator="true">,</mo><mn>3</mn><mo fence="true" form="postfix">)</mo></mrow><mo>∪</mo><mrow><mo fence="true" form="prefix">(</mo><mn>3</mn><mo separator="true">,</mo><mi>∞</mi><mo fence="true" form="postfix">)</mo></mrow></mrow></mtd></mtr></mtable></math></p>
<p>Since <math><mrow><msub><mi>R</mi><mi>g</mi></msub><mo>⊈</mo></mrow><mrow><msub><mi>D</mi><mi>f</mi></msub><mo separator="true">,</mo></mrow></math>
the composite function <math><mrow><mi>f</mi><mi>g</mi></mrow></math>
does not exist <math><mrow><mspace width="0.2778em"></mspace><mi>∎</mi></mrow></math></p>
",
      },
      {
        "body": "<p><math display="block" class="tml-display" style="display:block math;"><mtable displaystyle="true"><mtr><mtd style="padding:0.7ex 0em 0.7ex 0em;"><mrow><mtext>Let </mtext><mi>y</mi><mo>=</mo><mfrac><mn>1</mn><mrow><mi>x</mi><mo>−</mo><mn>3</mn></mrow></mfrac></mrow></mtd></mtr><mtr><mtd style="padding:0.7ex 0em 0.7ex 0em;"><mrow><mi>y</mi><mrow><mo fence="true" form="prefix">(</mo><mi>x</mi><mo>−</mo><mn>3</mn><mo fence="true" form="postfix">)</mo></mrow><mo>=</mo><mn>1</mn></mrow></mtd></mtr><mtr><mtd style="padding:0.7ex 0em 0.7ex 0em;"><mrow><mi>y</mi><mi>x</mi><mo>−</mo><mn>3</mn><mi>y</mi><mo>=</mo><mn>1</mn></mrow></mtd></mtr><mtr><mtd style="padding:0.7ex 0em 0.7ex 0em;"><mrow><mi>y</mi><mi>x</mi><mo>=</mo><mn>1</mn><mo>+</mo><mn>3</mn><mi>y</mi></mrow></mtd></mtr><mtr><mtd style="padding:0.7ex 0em 0.7ex 0em;"><mrow><mi>x</mi><mo>=</mo><mfrac><mrow><mn>1</mn><mo>+</mo><mn>3</mn><mi>y</mi></mrow><mi>y</mi></mfrac></mrow></mtd></mtr></mtable></math></p>
<p><math display="block" class="tml-display" style="display:block math;"><mrow><msup><mi>f</mi><mrow><mo lspace="0em" rspace="0em">−</mo><mn>1</mn></mrow></msup><mo form="prefix" stretchy="false">(</mo><mi>x</mi><mo form="postfix" stretchy="false">)</mo><mo>=</mo><mfrac><mrow><mn>1</mn><mo>+</mo><mn>3</mn><mi>x</mi></mrow><mi>x</mi></mfrac><mspace width="0.2778em"></mspace><mi>∎</mi></mrow></math></p>
<p><math display="block" class="tml-display" style="display:block math;"><mtable displaystyle="true" columnalign="right left"><mtr><mtd class="tml-right" style="padding:0.7ex 0em 0.7ex 0em;"><msub><mi>D</mi><msup><mi>f</mi><mrow><mo lspace="0em" rspace="0em">−</mo><mn>1</mn></mrow></msup></msub></mtd><mtd class="tml-left" style="padding:0.7ex 0em 0.7ex 0em;"><mrow><mo>=</mo><msub><mi>R</mi><mi>f</mi></msub></mrow></mtd></mtr><mtr><mtd class="tml-right" style="padding:0.7ex 0em 0.7ex 0em;"><mrow></mrow></mtd><mtd class="tml-left" style="padding:0.7ex 0em 0.7ex 0em;"><mrow><mo>=</mo><mrow><mo fence="true" form="prefix">(</mo><mo form="prefix" stretchy="false">−</mo><mi>∞</mi><mo separator="true">,</mo><mn>0</mn><mo fence="true" form="postfix">)</mo></mrow><mo>∪</mo><mrow><mo fence="true" form="prefix">(</mo><mn>0</mn><mo separator="true">,</mo><mi>∞</mi><mo fence="true" form="postfix">)</mo></mrow><mspace width="0.2778em"></mspace><mi>∎</mi></mrow></mtd></mtr></mtable></math></p>
",
      },
    ],
  },
}
`;
