// Vitest Snapshot v1, https://vitest.dev/guide/snapshot.html

exports[`2019p1q5 1`] = `
Answer {
  "answer": {
    "parts": [
      {
        "body": "<p><math><mrow><msup><mi>f</mi><mrow><mo lspace="0em" rspace="0em">−</mo><mn>1</mn></mrow></msup><mo form="prefix" stretchy="false">(</mo><mi>x</mi><mo form="postfix" stretchy="false">)</mo><mo>=</mo></mrow><mrow><mfrac><mrow><mrow><mi>ln</mi><mo>⁡</mo></mrow><mrow><mo fence="true" form="prefix">(</mo><mi>x</mi><mo>+</mo><mn>4</mn><mo fence="true" form="postfix">)</mo></mrow></mrow><mn>2</mn></mfrac><mi>.</mi></mrow></math>
<br>
<math><mrow><msub><mi>D</mi><msup><mi>f</mi><mrow><mo lspace="0em" rspace="0em">−</mo><mn>1</mn></mrow></msup></msub><mo>=</mo></mrow><mrow><msub><mi>R</mi><mi>f</mi></msub><mo>=</mo></mrow><mrow><mrow><mo fence="true" form="prefix">(</mo><mo form="prefix" stretchy="false">−</mo><mn>4</mn><mo separator="true">,</mo><mi>∞</mi><mo fence="true" form="postfix">)</mo></mrow><mi>.</mi></mrow></math></p>
",
      },
      {
        "body": "<p><math><mrow><mi>x</mi><mo>=</mo></mrow><mrow><mrow><mi>ln</mi><mo>⁡</mo><mspace width="0.1667em"></mspace></mrow><mn>3</mn><mo>−</mo></mrow><mrow><mn>2</mn><mi>.</mi></mrow></math></p>
",
      },
    ],
  },
  "solution": {
    "parts": [
      {
        "body": "<p><math display="block" class="tml-display" style="display:block math;"><mtable displaystyle="true"><mtr><mtd style="padding:0.7ex 0em 0.7ex 0em;"><mrow><mtext>Let </mtext><mi>y</mi><mo>=</mo><msup><mrow><mi mathvariant="normal">e</mi></mrow><mrow><mn>2</mn><mi>x</mi></mrow></msup><mo>−</mo><mn>4</mn></mrow></mtd></mtr><mtr><mtd style="padding:0.7ex 0em 0.7ex 0em;"><mrow><msup><mrow><mi mathvariant="normal">e</mi></mrow><mrow><mn>2</mn><mi>x</mi></mrow></msup><mo>=</mo><mi>y</mi><mo>+</mo><mn>4</mn></mrow></mtd></mtr><mtr><mtd style="padding:0.7ex 0em 0.7ex 0em;"><mrow><mn>2</mn><mi>x</mi><mo>=</mo><mrow><mi>ln</mi><mo>⁡</mo></mrow><mrow><mo fence="true" form="prefix">(</mo><mi>y</mi><mo>+</mo><mn>4</mn><mo fence="true" form="postfix">)</mo></mrow></mrow></mtd></mtr><mtr><mtd style="padding:0.7ex 0em 0.7ex 0em;"><mrow><mi>x</mi><mo>=</mo><mfrac><mrow><mrow><mi>ln</mi><mo>⁡</mo></mrow><mrow><mo fence="true" form="prefix">(</mo><mi>y</mi><mo>+</mo><mn>4</mn><mo fence="true" form="postfix">)</mo></mrow></mrow><mn>2</mn></mfrac></mrow></mtd></mtr></mtable></math></p>
<p><math display="block" class="tml-display" style="display:block math;"><mrow><msup><mi>f</mi><mrow><mo lspace="0em" rspace="0em">−</mo><mn>1</mn></mrow></msup><mo form="prefix" stretchy="false">(</mo><mi>x</mi><mo form="postfix" stretchy="false">)</mo><mo>=</mo><mfrac><mrow><mrow><mi>ln</mi><mo>⁡</mo></mrow><mrow><mo fence="true" form="prefix">(</mo><mi>x</mi><mo>+</mo><mn>4</mn><mo fence="true" form="postfix">)</mo></mrow></mrow><mn>2</mn></mfrac><mspace width="0.2778em"></mspace><mi>■</mi></mrow></math></p>
<p><math display="block" class="tml-display" style="display:block math;"><mtable displaystyle="true" columnalign="right left"><mtr><mtd class="tml-right" style="padding:0.7ex 0em 0.7ex 0em;"><msub><mi>D</mi><msup><mi>f</mi><mrow><mo lspace="0em" rspace="0em">−</mo><mn>1</mn></mrow></msup></msub></mtd><mtd class="tml-left" style="padding:0.7ex 0em 0.7ex 0em;"><mrow><mo>=</mo><msub><mi>R</mi><mi>f</mi></msub></mrow></mtd></mtr><mtr><mtd class="tml-right" style="padding:0.7ex 0em 0.7ex 0em;"><mrow></mrow></mtd><mtd class="tml-left" style="padding:0.7ex 0em 0.7ex 0em;"><mrow><mo>=</mo><mrow><mo fence="true" form="prefix">(</mo><mo form="prefix" stretchy="false">−</mo><mn>4</mn><mo separator="true">,</mo><mi>∞</mi><mo fence="true" form="postfix">)</mo></mrow><mspace width="0.2778em"></mspace><mi>■</mi></mrow></mtd></mtr></mtable></math></p>
",
      },
      {
        "body": "<p><math display="block" class="tml-display" style="display:block math;"><mtable displaystyle="true"><mtr><mtd style="padding:0.7ex 0em 0.7ex 0em;"><mrow><mi>f</mi><mi>g</mi><mo form="prefix" stretchy="false">(</mo><mi>x</mi><mo form="postfix" stretchy="false">)</mo><mo>=</mo><mn>5</mn></mrow></mtd></mtr><mtr><mtd style="padding:0.7ex 0em 0.7ex 0em;"><mrow><msup><mi>f</mi><mrow><mo lspace="0em" rspace="0em">−</mo><mn>1</mn></mrow></msup><mi>f</mi><mi>g</mi><mo form="prefix" stretchy="false">(</mo><mi>x</mi><mo form="postfix" stretchy="false">)</mo><mo>=</mo><msup><mi>f</mi><mrow><mo form="prefix" stretchy="false" lspace="0em" rspace="0em">−</mo><mn>1</mn></mrow></msup><mo form="prefix" stretchy="false">(</mo><mn>5</mn><mo form="postfix" stretchy="false">)</mo></mrow></mtd></mtr><mtr><mtd style="padding:0.7ex 0em 0.7ex 0em;"><mrow><mi>g</mi><mo form="prefix" stretchy="false">(</mo><mi>x</mi><mo form="postfix" stretchy="false">)</mo><mo>=</mo><mfrac><mrow><mrow><mi>ln</mi><mo>⁡</mo></mrow><mrow><mo fence="true" form="prefix">(</mo><mn>5</mn><mo>+</mo><mn>4</mn><mo fence="true" form="postfix">)</mo></mrow></mrow><mn>2</mn></mfrac></mrow></mtd></mtr><mtr><mtd style="padding:0.7ex 0em 0.7ex 0em;"><mrow><mi>x</mi><mo>+</mo><mn>2</mn><mo>=</mo><mfrac><mrow><mrow><mi>ln</mi><mo>⁡</mo><mspace width="0.1667em"></mspace></mrow><mn>9</mn></mrow><mn>2</mn></mfrac></mrow></mtd></mtr><mtr><mtd style="padding:0.7ex 0em 0.7ex 0em;"><mrow><mi>x</mi><mo>+</mo><mn>2</mn><mo>=</mo><mfrac><mrow><mrow><mi>ln</mi><mo>⁡</mo><mspace width="0.1667em"></mspace></mrow><msup><mn>3</mn><mn>2</mn></msup></mrow><mn>2</mn></mfrac></mrow></mtd></mtr><mtr><mtd style="padding:0.7ex 0em 0.7ex 0em;"><mrow><mi>x</mi><mo>+</mo><mn>2</mn><mo>=</mo><mfrac><mrow><mn>2</mn><mrow><mspace width="0.1667em"></mspace><mi>ln</mi><mo>⁡</mo><mspace width="0.1667em"></mspace></mrow><mn>3</mn></mrow><mn>2</mn></mfrac></mrow></mtd></mtr><mtr><mtd style="padding:0.7ex 0em 0.7ex 0em;"><mrow><mi>x</mi><mo>+</mo><mn>2</mn><mo>=</mo><mrow><mi>ln</mi><mo>⁡</mo><mspace width="0.1667em"></mspace></mrow><mn>3</mn></mrow></mtd></mtr><mtr><mtd style="padding:0.7ex 0em 0.7ex 0em;"><mrow><mi>x</mi><mo>=</mo><mrow><mi>ln</mi><mo>⁡</mo><mspace width="0.1667em"></mspace></mrow><mn>3</mn><mo>−</mo><mn>2</mn><mspace width="0.2778em"></mspace><mi>■</mi></mrow></mtd></mtr></mtable></math></p>
",
      },
    ],
  },
}
`;
