// Vitest Snapshot v1, https://vitest.dev/guide/snapshot.html

exports[`2013p2q1 1`] = `
Answer {
  "answer": {
    "parts": [
      {
        "body": "<p><math><mrow><mi>f</mi><mi>g</mi></mrow></math>
does not exist as <math><mrow><msub><mi>R</mi><mi>g</mi></msub><mo>⊈</mo><msub><mi>D</mi><mi>f</mi></msub><mi>.</mi></mrow></math></p>
",
      },
      {
        "body": "<p><math><mrow><mi>g</mi><mi>f</mi><mo form="prefix" stretchy="false">(</mo><mi>x</mi><mo form="postfix" stretchy="false">)</mo><mo>=</mo></mrow><mrow><mfrac><mrow><mo form="prefix" stretchy="false" lspace="0em" rspace="0em">−</mo><mn>3</mn><mo>−</mo><mn>3</mn><mi>x</mi></mrow><mrow><mn>1</mn><mo>−</mo><mi>x</mi></mrow></mfrac><mi>.</mi></mrow></math></p>
<p><math><mrow><mo form="prefix" stretchy="false">(</mo><mi>g</mi><mi>f</mi><msup><mo form="postfix" stretchy="false">)</mo><mrow><mo lspace="0em" rspace="0em">−</mo><mn>1</mn></mrow></msup><mo form="prefix" stretchy="false">(</mo><mn>5</mn><mo form="postfix" stretchy="false">)</mo><mo>=</mo><mn>4</mn><mi>.</mi></mrow></math></p>
",
      },
    ],
  },
  "solution": {
    "parts": [
      {
        "body": "<p><math display="block" class="tml-display" style="display:block math;"><mtable displaystyle="true" columnalign="right left"><mtr><mtd class="tml-right" style="padding:0.7ex 0em 0.7ex 0em;"><msub><mi>R</mi><mi>g</mi></msub></mtd><mtd class="tml-left" style="padding:0.7ex 0em 0.7ex 0em;"><mrow><mo>=</mo><mrow><mo fence="true" form="prefix">(</mo><mo form="prefix" stretchy="false">−</mo><mi>∞</mi><mo separator="true">,</mo><mi>∞</mi><mo fence="true" form="postfix">)</mo></mrow></mrow></mtd></mtr><mtr><mtd class="tml-right" style="padding:0.7ex 0em 0.7ex 0em;"><msub><mi>D</mi><mi>f</mi></msub></mtd><mtd class="tml-left" style="padding:0.7ex 0em 0.7ex 0em;"><mrow><mo>=</mo><mrow><mo fence="true" form="prefix">(</mo><mo form="prefix" stretchy="false">−</mo><mi>∞</mi><mo separator="true">,</mo><mn>1</mn><mo fence="true" form="postfix">)</mo></mrow><mo>∪</mo><mrow><mo fence="true" form="prefix">(</mo><mn>1</mn><mo separator="true">,</mo><mi>∞</mi><mo fence="true" form="postfix">)</mo></mrow></mrow></mtd></mtr></mtable></math></p>
<p>Since <math><mrow><msub><mi>R</mi><mi>g</mi></msub><mo>⊈</mo></mrow><mrow><msub><mi>D</mi><mi>f</mi></msub><mo separator="true">,</mo></mrow></math>
the composite function <math><mrow><mi>f</mi><mi>g</mi></mrow></math>
does not exist <math><mrow><mspace width="0.2778em"></mspace><mi>∎</mi></mrow></math></p>
",
      },
      {
        "body": "<p><math display="block" class="tml-display" style="display:block math;"><mtable displaystyle="true" columnalign="right left"><mtr><mtd class="tml-right" style="padding:0.7ex 0em 0.7ex 0em;"><mrow><mi>g</mi><mi>f</mi><mo form="prefix" stretchy="false">(</mo><mi>x</mi><mo form="postfix" stretchy="false">)</mo></mrow></mtd><mtd class="tml-left" style="padding:0.7ex 0em 0.7ex 0em;"><mrow><mo>=</mo><mi>g</mi><mrow><mo fence="true" form="prefix">(</mo><mfrac><mrow><mn>2</mn><mo>+</mo><mi>x</mi></mrow><mrow><mn>1</mn><mo>−</mo><mi>x</mi></mrow></mfrac><mo fence="true" form="postfix">)</mo></mrow></mrow></mtd></mtr><mtr><mtd class="tml-right" style="padding:0.7ex 0em 0.7ex 0em;"><mrow></mrow></mtd><mtd class="tml-left" style="padding:0.7ex 0em 0.7ex 0em;"><mrow><mo>=</mo><mn>1</mn><mo>−</mo><mn>2</mn><mrow><mo fence="true" form="prefix">(</mo><mfrac><mrow><mn>2</mn><mo>+</mo><mi>x</mi></mrow><mrow><mn>1</mn><mo>−</mo><mi>x</mi></mrow></mfrac><mo fence="true" form="postfix">)</mo></mrow></mrow></mtd></mtr><mtr><mtd class="tml-right" style="padding:0.7ex 0em 0.7ex 0em;"><mrow></mrow></mtd><mtd class="tml-left" style="padding:0.7ex 0em 0.7ex 0em;"><mrow><mo>=</mo><mn>1</mn><mo>−</mo><mfrac><mrow><mn>2</mn><mrow><mo fence="true" form="prefix">(</mo><mn>2</mn><mo>+</mo><mi>x</mi><mo fence="true" form="postfix">)</mo></mrow></mrow><mrow><mn>1</mn><mo>−</mo><mi>x</mi></mrow></mfrac></mrow></mtd></mtr><mtr><mtd class="tml-right" style="padding:0.7ex 0em 0.7ex 0em;"><mrow></mrow></mtd><mtd class="tml-left" style="padding:0.7ex 0em 0.7ex 0em;"><mrow><mo>=</mo><mn>1</mn><mo>−</mo><mfrac><mrow><mn>4</mn><mo>+</mo><mn>2</mn><mi>x</mi></mrow><mrow><mn>1</mn><mo>−</mo><mi>x</mi></mrow></mfrac></mrow></mtd></mtr><mtr><mtd class="tml-right" style="padding:0.7ex 0em 0.7ex 0em;"><mrow></mrow></mtd><mtd class="tml-left" style="padding:0.7ex 0em 0.7ex 0em;"><mrow><mo>=</mo><mfrac><mrow><mo form="prefix" stretchy="false" lspace="0em" rspace="0em">−</mo><mn>3</mn><mo>−</mo><mn>3</mn><mi>x</mi></mrow><mrow><mn>1</mn><mo>−</mo><mi>x</mi></mrow></mfrac><mspace width="0.2778em"></mspace><mi>∎</mi></mrow></mtd></mtr></mtable></math></p>
<p><math display="block" class="tml-display" style="display:block math;"><mtable displaystyle="true" columnalign="right left"><mtr><mtd class="tml-right" style="padding:0.7ex 0em 0.7ex 0em;"><mrow><mtext>Let </mtext><mspace width="1em"></mspace><mi>x</mi></mrow></mtd><mtd class="tml-left" style="padding:0.7ex 0em 0.7ex 0em;"><mrow><mo>=</mo><mo form="prefix" stretchy="false">(</mo><mi>g</mi><mi>f</mi><msup><mo form="postfix" stretchy="false">)</mo><mrow><mo lspace="0em" rspace="0em">−</mo><mn>1</mn></mrow></msup><mo form="prefix" stretchy="false">(</mo><mn>5</mn><mo form="postfix" stretchy="false">)</mo></mrow></mtd></mtr><mtr><mtd class="tml-right" style="padding:0.7ex 0em 0.7ex 0em;"><mrow><mi>g</mi><mi>f</mi><mrow><mo fence="true" form="prefix">(</mo><mi>x</mi><mo fence="true" form="postfix">)</mo></mrow></mrow></mtd><mtd class="tml-left" style="padding:0.7ex 0em 0.7ex 0em;"><mrow><mo>=</mo><mn>5</mn></mrow></mtd></mtr><mtr><mtd class="tml-right" style="padding:0.7ex 0em 0.7ex 0em;"><mfrac><mrow><mo lspace="0em" rspace="0em">−</mo><mn>3</mn><mo>−</mo><mn>3</mn><mi>x</mi></mrow><mrow><mn>1</mn><mo>−</mo><mi>x</mi></mrow></mfrac></mtd><mtd class="tml-left" style="padding:0.7ex 0em 0.7ex 0em;"><mrow><mo>=</mo><mn>5</mn></mrow></mtd></mtr><mtr><mtd class="tml-right" style="padding:0.7ex 0em 0.7ex 0em;"><mrow><mo>−</mo><mn>3</mn><mo>−</mo><mn>3</mn><mi>x</mi></mrow></mtd><mtd class="tml-left" style="padding:0.7ex 0em 0.7ex 0em;"><mrow><mo>=</mo><mn>5</mn><mo>−</mo><mn>5</mn><mi>x</mi></mrow></mtd></mtr><mtr><mtd class="tml-right" style="padding:0.7ex 0em 0.7ex 0em;"><mrow><mn>2</mn><mi>x</mi></mrow></mtd><mtd class="tml-left" style="padding:0.7ex 0em 0.7ex 0em;"><mrow><mo>=</mo><mn>8</mn></mrow></mtd></mtr><mtr><mtd class="tml-right" style="padding:0.7ex 0em 0.7ex 0em;"><mi>x</mi></mtd><mtd class="tml-left" style="padding:0.7ex 0em 0.7ex 0em;"><mrow><mo>=</mo><mn>4</mn></mrow></mtd></mtr></mtable></math></p>
<p><math display="block" class="tml-display" style="display:block math;"><mrow><mo form="prefix" stretchy="false">(</mo><mi>g</mi><mi>f</mi><msup><mo form="postfix" stretchy="false">)</mo><mrow><mo lspace="0em" rspace="0em">−</mo><mn>1</mn></mrow></msup><mo form="prefix" stretchy="false">(</mo><mn>5</mn><mo form="postfix" stretchy="false">)</mo><mo>=</mo><mn>4</mn><mspace width="0.2778em"></mspace><mi>■</mi></mrow></math></p>
",
      },
    ],
  },
}
`;
