// Vitest Snapshot v1, https://vitest.dev/guide/snapshot.html

exports[`2018p1q5 1`] = `
Answer {
  "answer": {
    "body": "<p><math><mrow><mi>b</mi><mo>=</mo></mrow><mrow><mo form="prefix" stretchy="false">−</mo></mrow><mrow><mn>1</mn><mi>.</mi></mrow></math>
<br>
<math><mrow><msup><mi>f</mi><mrow><mo lspace="0em" rspace="0em">−</mo><mn>1</mn></mrow></msup><mo form="prefix" stretchy="false">(</mo><mi>x</mi><mo form="postfix" stretchy="false">)</mo><mo>=</mo></mrow><mrow><mfrac><mrow><mi>x</mi><mo>+</mo><mi>a</mi></mrow><mrow><mi>x</mi><mo>−</mo><mn>1</mn></mrow></mfrac><mi>.</mi></mrow></math></p>
",
  },
  "solution": {
    "body": "<p><math display="block" class="tml-display" style="display:block math;"><mtable displaystyle="true" columnalign="right left"><mtr><mtd class="tml-right" style="padding:0.7ex 0em 0.7ex 0em;"><mrow><mi>f</mi><mi>f</mi><mo form="prefix" stretchy="false">(</mo><mi>x</mi><mo form="postfix" stretchy="false">)</mo></mrow></mtd><mtd class="tml-left" style="padding:0.7ex 0em 0.7ex 0em;"><mrow><mo>=</mo><mi>f</mi><mrow><mo fence="true" form="prefix">(</mo><mfrac><mrow><mi>x</mi><mo>+</mo><mi>a</mi></mrow><mrow><mi>x</mi><mo>+</mo><mi>b</mi></mrow></mfrac><mo fence="true" form="postfix">)</mo></mrow></mrow></mtd></mtr><mtr><mtd class="tml-right" style="padding:0.7ex 0em 0.7ex 0em;"><mrow></mrow></mtd><mtd class="tml-left" style="padding:0.7ex 0em 0.7ex 0em;"><mrow><mo>=</mo><mfrac><mrow><mfrac><mrow><mi>x</mi><mo>+</mo><mi>a</mi></mrow><mrow><mi>x</mi><mo>+</mo><mi>b</mi></mrow></mfrac><mo>+</mo><mi>a</mi></mrow><mrow><mfrac><mrow><mi>x</mi><mo>+</mo><mi>a</mi></mrow><mrow><mi>x</mi><mo>+</mo><mi>b</mi></mrow></mfrac><mo>+</mo><mi>b</mi></mrow></mfrac></mrow></mtd></mtr><mtr><mtd class="tml-right" style="padding:0.7ex 0em 0.7ex 0em;"><mrow></mrow></mtd><mtd class="tml-left" style="padding:0.7ex 0em 0.7ex 0em;"><mrow><mo>=</mo><mfrac><mfrac><mrow><mi>x</mi><mo>+</mo><mi>a</mi><mo>+</mo><mi>a</mi><mi>x</mi><mo>+</mo><mi>a</mi><mi>b</mi></mrow><mrow><mi>x</mi><mo>+</mo><mi>b</mi></mrow></mfrac><mfrac><mrow><mi>x</mi><mo>+</mo><mi>a</mi><mo>+</mo><mi>b</mi><mi>x</mi><mo>+</mo><msup><mi>b</mi><mn>2</mn></msup></mrow><mrow><mi>x</mi><mo>+</mo><mi>b</mi></mrow></mfrac></mfrac></mrow></mtd></mtr><mtr><mtd class="tml-right" style="padding:0.7ex 0em 0.7ex 0em;"><mrow></mrow></mtd><mtd class="tml-left" style="padding:0.7ex 0em 0.7ex 0em;"><mrow><mo>=</mo><mfrac><mrow><mi>x</mi><mo>+</mo><mi>a</mi><mo>+</mo><mi>a</mi><mi>x</mi><mo>+</mo><mi>a</mi><mi>b</mi></mrow><mrow><mi>x</mi><mo>+</mo><mi>a</mi><mo>+</mo><mi>b</mi><mi>x</mi><mo>+</mo><msup><mi>b</mi><mn>2</mn></msup></mrow></mfrac></mrow></mtd></mtr></mtable></math></p>
<p>Since <math><mrow><mi>f</mi><mi>f</mi><mo>=</mo></mrow><mrow><mi>g</mi><mo separator="true">,</mo></mrow></math>
<math display="block" class="tml-display" style="display:block math;"><mtable displaystyle="true"><mtr><mtd style="padding:0.7ex 0em 0.7ex 0em;"><mrow><mfrac><mrow><mi>x</mi><mo>+</mo><mi>a</mi><mo>+</mo><mi>a</mi><mi>x</mi><mo>+</mo><mi>a</mi><mi>b</mi></mrow><mrow><mi>x</mi><mo>+</mo><mi>a</mi><mo>+</mo><mi>b</mi><mi>x</mi><mo>+</mo><msup><mi>b</mi><mn>2</mn></msup></mrow></mfrac><mo>=</mo><mi>x</mi></mrow></mtd></mtr><mtr><mtd style="padding:0.7ex 0em 0.7ex 0em;"><mrow><mi>x</mi><mo>+</mo><mi>a</mi><mo>+</mo><mi>a</mi><mi>x</mi><mo>+</mo><mi>a</mi><mi>b</mi><mo>=</mo><mi>x</mi><mrow><mo fence="true" form="prefix">(</mo><mi>x</mi><mo>+</mo><mi>a</mi><mo>+</mo><mi>b</mi><mi>x</mi><mo>+</mo><msup><mi>b</mi><mn>2</mn></msup><mo fence="true" form="postfix">)</mo></mrow></mrow></mtd></mtr><mtr><mtd style="padding:0.7ex 0em 0.7ex 0em;"><mrow><mi>x</mi><mo>+</mo><mi>a</mi><mo>+</mo><mi>a</mi><mi>x</mi><mo>+</mo><mi>a</mi><mi>b</mi><mo>=</mo><msup><mi>x</mi><mn>2</mn></msup><mo>+</mo><mi>x</mi><mi>a</mi><mo>+</mo><msup><mi>x</mi><mn>2</mn></msup><mi>b</mi><mo>+</mo><mi>x</mi><msup><mi>b</mi><mn>2</mn></msup></mrow></mtd></mtr><mtr><mtd style="padding:0.7ex 0em 0.7ex 0em;"><mrow><mrow><mo fence="true" form="prefix">(</mo><mn>1</mn><mo>+</mo><mi>a</mi><mo fence="true" form="postfix">)</mo></mrow><mi>x</mi><mo>+</mo><mi>a</mi><mi>b</mi><mo>+</mo><mi>a</mi><mo>=</mo><mrow><mo fence="true" form="prefix">(</mo><mn>1</mn><mo>+</mo><mi>b</mi><mo fence="true" form="postfix">)</mo></mrow><msup><mi>x</mi><mn>2</mn></msup><mo>+</mo><mrow><mo fence="true" form="prefix">(</mo><mi>a</mi><mo>+</mo><msup><mi>b</mi><mn>2</mn></msup><mo fence="true" form="postfix">)</mo></mrow><mi>x</mi></mrow></mtd></mtr></mtable></math></p>
<p>Comparing coefficients of <math><mrow><msup><mi>x</mi><mn>2</mn></msup><mo separator="true">,</mo></mrow></math>
<math display="block" class="tml-display" style="display:block math;"><mtable displaystyle="true" columnalign="right left"><mtr><mtd class="tml-right" style="padding:0.7ex 0em 0.7ex 0em;"><mrow><mn>1</mn><mo>+</mo><mi>b</mi></mrow></mtd><mtd class="tml-left" style="padding:0.7ex 0em 0.7ex 0em;"><mrow><mo>=</mo><mn>0</mn></mrow></mtd></mtr><mtr><mtd class="tml-right" style="padding:0.7ex 0em 0.7ex 0em;"><mi>b</mi></mtd><mtd class="tml-left" style="padding:0.7ex 0em 0.7ex 0em;"><mrow><mo>=</mo><mo form="prefix" stretchy="false">−</mo><mn>1</mn><mspace width="0.2778em"></mspace><mi>∎</mi></mrow></mtd></mtr></mtable></math></p>
<p><math display="block" class="tml-display" style="display:block math;"><mtable displaystyle="true" columnalign="right left"><mtr><mtd class="tml-right" style="padding:0.7ex 0em 0.7ex 0em;"><mrow><mi>f</mi><mi>f</mi><mo form="prefix" stretchy="false">(</mo><mi>x</mi><mo form="postfix" stretchy="false">)</mo></mrow></mtd><mtd class="tml-left" style="padding:0.7ex 0em 0.7ex 0em;"><mrow><mo>=</mo><mi>g</mi><mo form="prefix" stretchy="false">(</mo><mi>x</mi><mo form="postfix" stretchy="false">)</mo></mrow></mtd></mtr><mtr><mtd class="tml-right" style="padding:0.7ex 0em 0.7ex 0em;"><mrow><mi>f</mi><mi>f</mi><mo form="prefix" stretchy="false">(</mo><mi>x</mi><mo form="postfix" stretchy="false">)</mo></mrow></mtd><mtd class="tml-left" style="padding:0.7ex 0em 0.7ex 0em;"><mrow><mo>=</mo><mi>x</mi></mrow></mtd></mtr><mtr><mtd class="tml-right" style="padding:0.7ex 0em 0.7ex 0em;"><mrow><mi>f</mi><mo form="prefix" stretchy="false">(</mo><mi>x</mi><mo form="postfix" stretchy="false">)</mo></mrow></mtd><mtd class="tml-left" style="padding:0.7ex 0em 0.7ex 0em;"><mrow><mo>=</mo><msup><mi>f</mi><mrow><mo form="prefix" stretchy="false" lspace="0em" rspace="0em">−</mo><mn>1</mn></mrow></msup><mo form="prefix" stretchy="false">(</mo><mi>x</mi><mo form="postfix" stretchy="false">)</mo></mrow></mtd></mtr><mtr><mtd class="tml-right" style="padding:0.7ex 0em 0.7ex 0em;"><mrow><msup><mi>f</mi><mrow><mo lspace="0em" rspace="0em">−</mo><mn>1</mn></mrow></msup><mo form="prefix" stretchy="false">(</mo><mi>x</mi><mo form="postfix" stretchy="false">)</mo></mrow></mtd><mtd class="tml-left" style="padding:0.7ex 0em 0.7ex 0em;"><mrow><mo>=</mo><mi>f</mi><mo form="prefix" stretchy="false">(</mo><mi>x</mi><mo form="postfix" stretchy="false">)</mo></mrow></mtd></mtr><mtr><mtd class="tml-right" style="padding:0.7ex 0em 0.7ex 0em;"><mrow></mrow></mtd><mtd class="tml-left" style="padding:0.7ex 0em 0.7ex 0em;"><mrow><mo>=</mo><mfrac><mrow><mi>x</mi><mo>+</mo><mi>a</mi></mrow><mrow><mi>x</mi><mo>+</mo><mi>b</mi></mrow></mfrac></mrow></mtd></mtr><mtr><mtd class="tml-right" style="padding:0.7ex 0em 0.7ex 0em;"><mrow></mrow></mtd><mtd class="tml-left" style="padding:0.7ex 0em 0.7ex 0em;"><mrow><mo>=</mo><mfrac><mrow><mi>x</mi><mo>+</mo><mi>a</mi></mrow><mrow><mi>x</mi><mo>−</mo><mn>1</mn></mrow></mfrac><mspace width="0.2778em"></mspace><mi>∎</mi></mrow></mtd></mtr></mtable></math></p>
",
  },
}
`;
