// Vitest Snapshot v1, https://vitest.dev/guide/snapshot.html

exports[`2014p1q1 1`] = `
Answer {
  "answer": {
    "parts": [
      {
        "body": "<p><math><mrow><msup><mi>f</mi><mn>2</mn></msup><mo form="prefix" stretchy="false">(</mo><mi>x</mi><mo form="postfix" stretchy="false">)</mo><mo>=</mo></mrow><mrow><msup><mi>f</mi><mrow><mo form="prefix" stretchy="false" lspace="0em" rspace="0em">−</mo><mn>1</mn></mrow></msup><mo form="prefix" stretchy="false">(</mo><mi>x</mi><mo form="postfix" stretchy="false">)</mo><mo>=</mo></mrow><mrow><mo form="prefix" stretchy="false">−</mo></mrow><mrow><mfrac><mrow><mn>1</mn><mo>−</mo><mi>x</mi></mrow><mi>x</mi></mfrac><mi>.</mi></mrow></math></p>
",
      },
      {
        "body": "<p><math><mrow><msup><mi>f</mi><mn>3</mn></msup><mo form="prefix" stretchy="false">(</mo><mi>x</mi><mo form="postfix" stretchy="false">)</mo><mo>=</mo></mrow><mrow><mi>x</mi><mi>.</mi></mrow></math></p>
",
      },
    ],
  },
  "solution": {
    "parts": [
      {
        "body": "<p><math display="block" class="tml-display" style="display:block math;"><mtable displaystyle="true" columnalign="right left"><mtr><mtd class="tml-right" style="padding:0.7ex 0em 0.7ex 0em;"><mrow><msup><mi>f</mi><mn>2</mn></msup><mo form="prefix" stretchy="false">(</mo><mi>x</mi><mo form="postfix" stretchy="false">)</mo></mrow></mtd><mtd class="tml-left" style="padding:0.7ex 0em 0.7ex 0em;"><mrow><mo>=</mo><mi>f</mi><mrow><mo fence="true" form="prefix">(</mo><mfrac><mn>1</mn><mrow><mn>1</mn><mo>−</mo><mi>x</mi></mrow></mfrac><mo fence="true" form="postfix">)</mo></mrow></mrow></mtd></mtr><mtr><mtd class="tml-right" style="padding:0.7ex 0em 0.7ex 0em;"><mrow></mrow></mtd><mtd class="tml-left" style="padding:0.7ex 0em 0.7ex 0em;"><mrow><mo>=</mo><mfrac><mn>1</mn><mrow><mn>1</mn><mo>−</mo><mfrac><mn>1</mn><mrow><mn>1</mn><mo>−</mo><mi>x</mi></mrow></mfrac></mrow></mfrac></mrow></mtd></mtr><mtr><mtd class="tml-right" style="padding:0.7ex 0em 0.7ex 0em;"><mrow></mrow></mtd><mtd class="tml-left" style="padding:0.7ex 0em 0.7ex 0em;"><mrow><mo>=</mo><mfrac><mn>1</mn><mrow><mo lspace="0em" rspace="0em">−</mo><mfrac><mi>x</mi><mrow><mn>1</mn><mo>−</mo><mi>x</mi></mrow></mfrac></mrow></mfrac></mrow></mtd></mtr><mtr><mtd class="tml-right" style="padding:0.7ex 0em 0.7ex 0em;"><mrow></mrow></mtd><mtd class="tml-left" style="padding:0.7ex 0em 0.7ex 0em;"><mrow><mo>=</mo><mo form="prefix" stretchy="false">−</mo><mfrac><mrow><mn>1</mn><mo>−</mo><mi>x</mi></mrow><mi>x</mi></mfrac></mrow></mtd></mtr></mtable></math></p>
<p><math display="block" class="tml-display" style="display:block math;"><mtable displaystyle="true"><mtr><mtd style="padding:0.7ex 0em 0.7ex 0em;"><mrow><mtext>Let </mtext><mi>y</mi><mo>=</mo><mfrac><mn>1</mn><mrow><mn>1</mn><mo>−</mo><mi>x</mi></mrow></mfrac></mrow></mtd></mtr><mtr><mtd style="padding:0.7ex 0em 0.7ex 0em;"><mrow><mi>y</mi><mrow><mo fence="true" form="prefix">(</mo><mn>1</mn><mo>−</mo><mi>x</mi><mo fence="true" form="postfix">)</mo></mrow><mo>=</mo><mn>1</mn></mrow></mtd></mtr><mtr><mtd style="padding:0.7ex 0em 0.7ex 0em;"><mrow><mi>y</mi><mo>−</mo><mi>y</mi><mi>x</mi><mo>=</mo><mn>1</mn></mrow></mtd></mtr><mtr><mtd style="padding:0.7ex 0em 0.7ex 0em;"><mrow><mo>−</mo><mi>y</mi><mi>x</mi><mo>=</mo><mn>1</mn><mo>−</mo><mi>y</mi></mrow></mtd></mtr><mtr><mtd style="padding:0.7ex 0em 0.7ex 0em;"><mrow><mi>x</mi><mo>=</mo><mo form="prefix" stretchy="false">−</mo><mfrac><mrow><mn>1</mn><mo>−</mo><mi>y</mi></mrow><mi>y</mi></mfrac></mrow></mtd></mtr><mtr><mtd style="padding:0.7ex 0em 0.7ex 0em;"><mrow><msup><mi>f</mi><mrow><mo lspace="0em" rspace="0em">−</mo><mn>1</mn></mrow></msup><mo form="prefix" stretchy="false">(</mo><mi>x</mi><mo form="postfix" stretchy="false">)</mo><mo>=</mo><mo form="prefix" stretchy="false">−</mo><mfrac><mrow><mn>1</mn><mo>−</mo><mi>x</mi></mrow><mi>x</mi></mfrac></mrow></mtd></mtr></mtable></math></p>
<p>Hence <math><mrow><msup><mi>f</mi><mn>2</mn></msup><mo form="prefix" stretchy="false">(</mo><mi>x</mi><mo form="postfix" stretchy="false">)</mo><mo>=</mo></mrow><mrow><msup><mi>f</mi><mrow><mo form="prefix" stretchy="false" lspace="0em" rspace="0em">−</mo><mn>1</mn></mrow></msup><mo form="prefix" stretchy="false">(</mo><mi>x</mi><mo form="postfix" stretchy="false">)</mo><mspace width="0.2778em"></mspace><mi>■</mi></mrow></math></p>
",
      },
      {
        "body": "<p><math display="block" class="tml-display" style="display:block math;"><mtable displaystyle="true" columnalign="right left"><mtr><mtd class="tml-right" style="padding:0.7ex 0em 0.7ex 0em;"><mrow><msup><mi>f</mi><mn>3</mn></msup><mo form="prefix" stretchy="false">(</mo><mi>x</mi><mo form="postfix" stretchy="false">)</mo></mrow></mtd><mtd class="tml-left" style="padding:0.7ex 0em 0.7ex 0em;"><mrow><mo>=</mo><msup><mi>f</mi><mn>2</mn></msup><mi>f</mi><mo form="prefix" stretchy="false">(</mo><mi>x</mi><mo form="postfix" stretchy="false">)</mo></mrow></mtd></mtr><mtr><mtd class="tml-right" style="padding:0.7ex 0em 0.7ex 0em;"><mrow></mrow></mtd><mtd class="tml-left" style="padding:0.7ex 0em 0.7ex 0em;"><mrow><mo>=</mo><msup><mi>f</mi><mrow><mo form="prefix" stretchy="false" lspace="0em" rspace="0em">−</mo><mn>1</mn></mrow></msup><mi>f</mi><mo form="prefix" stretchy="false">(</mo><mi>x</mi><mo form="postfix" stretchy="false">)</mo><mspace width="1em"></mspace><mtext>since </mtext><msup><mi>f</mi><mn>2</mn></msup><mo form="prefix" stretchy="false">(</mo><mi>x</mi><mo form="postfix" stretchy="false">)</mo><mo>=</mo><msup><mi>f</mi><mrow><mo form="prefix" stretchy="false" lspace="0em" rspace="0em">−</mo><mn>1</mn></mrow></msup><mo form="prefix" stretchy="false">(</mo><mi>x</mi><mo form="postfix" stretchy="false">)</mo></mrow></mtd></mtr><mtr><mtd class="tml-right" style="padding:0.7ex 0em 0.7ex 0em;"><mrow></mrow></mtd><mtd class="tml-left" style="padding:0.7ex 0em 0.7ex 0em;"><mrow><mo>=</mo><mi>x</mi><mspace width="0.2778em"></mspace><mi>■</mi></mrow></mtd></mtr></mtable></math></p>
",
      },
    ],
  },
}
`;
