// Vitest Snapshot v1, https://vitest.dev/guide/snapshot.html

exports[`2017p2q3 1`] = `
Answer {
  "answer": {
    "parts": [
      {
        "parts": [
          {
            "body": "<p><math><mrow><mrow><mo fence="true" form="prefix">(</mo><mfrac><mi>a</mi><mn>2</mn></mfrac><mo separator="true">,</mo><mn>0</mn><mo fence="true" form="postfix">)</mo></mrow><mo separator="true">,</mo></mrow></math>
<math><mrow><mrow><mo fence="true" form="prefix">(</mo><mn>0</mn><mo separator="true">,</mo><mi>b</mi><mo fence="true" form="postfix">)</mo></mrow><mi>.</mi></mrow></math></p>
",
          },
          {
            "body": "<p><math><mrow><mrow><mo fence="true" form="prefix">(</mo><mi>a</mi><mo>+</mo><mn>1</mn><mo separator="true">,</mo><mn>0</mn><mo fence="true" form="postfix">)</mo></mrow><mi>.</mi></mrow></math></p>
",
          },
          {
            "body": "<p><math><mrow><mrow><mo fence="true" form="prefix">(</mo><mfrac><mrow><mi>a</mi><mo>+</mo><mn>1</mn></mrow><mn>2</mn></mfrac><mo separator="true">,</mo><mn>0</mn><mo fence="true" form="postfix">)</mo></mrow><mi>.</mi></mrow></math></p>
",
          },
          {
            "body": "<p><math><mrow><mrow><mo fence="true" form="prefix">(</mo><mn>0</mn><mo separator="true">,</mo><mi>a</mi><mo fence="true" form="postfix">)</mo></mrow><mo separator="true">,</mo></mrow></math>
<math><mrow><mrow><mo fence="true" form="prefix">(</mo><mi>b</mi><mo separator="true">,</mo><mn>0</mn><mo fence="true" form="postfix">)</mo></mrow><mi>.</mi></mrow></math></p>
",
          },
        ],
      },
      {
        "parts": [
          {
            "body": "<p><math><mrow><mi>a</mi><mo>=</mo></mrow><mrow><mn>1</mn><mi>.</mi></mrow></math>
<br>
It must be excluded as <math><mi>g</mi></math>
is not defined when <math><mrow><mi>x</mi><mo>=</mo><mn>1</mn><mi>.</mi></mrow></math></p>
",
          },
          {
            "body": "<p><math><mrow><msup><mi>g</mi><mn>2</mn></msup><mo form="prefix" stretchy="false">(</mo><mi>x</mi><mo form="postfix" stretchy="false">)</mo><mo>=</mo></mrow><mrow><mi>x</mi><mi>.</mi></mrow></math>
<br>
<math><mrow><msup><mi>g</mi><mrow><mo lspace="0em" rspace="0em">−</mo><mn>1</mn></mrow></msup><mo form="prefix" stretchy="false">(</mo><mi>x</mi><mo form="postfix" stretchy="false">)</mo><mo>=</mo></mrow><mrow><mn>1</mn><mo>−</mo></mrow><mrow><mfrac><mn>1</mn><mrow><mn>1</mn><mo>−</mo><mi>x</mi></mrow></mfrac><mi>.</mi></mrow></math></p>
",
          },
          {
            "body": "<p><math><mrow><mi>b</mi><mo>=</mo><mn>0</mn></mrow></math>
or <math><mrow><mi>b</mi><mo>=</mo><mn>2</mn><mi>.</mi></mrow></math></p>
",
          },
        ],
      },
    ],
  },
  "solution": {
    "parts": [
      {
        "parts": [
          {
            "body": "<p>We apply a scaling of scale factor <math><mfrac><mn>1</mn><mn>2</mn></mfrac></math>
parallel to the <math><mrow><mi>x</mi><mtext>-axis</mtext></mrow></math>
on <math><mrow><mi>y</mi><mo>=</mo></mrow><mrow><mi>f</mi><mo form="prefix" stretchy="false">(</mo><mi>x</mi><mo form="postfix" stretchy="false">)</mo></mrow></math></p>
<p><math display="block" class="tml-display" style="display:block math;"><mtable displaystyle="true"><mtr><mtd style="padding:0.7ex 0em 0.7ex 0em;"><mrow><mrow><mo fence="true" form="prefix">(</mo><mfrac><mi>a</mi><mn>2</mn></mfrac><mo separator="true">,</mo><mn>0</mn><mo fence="true" form="postfix">)</mo></mrow><mspace width="0.2778em"></mspace><mi>∎</mi></mrow></mtd></mtr><mtr><mtd style="padding:0.7ex 0em 0.7ex 0em;"><mrow><mrow><mo fence="true" form="prefix">(</mo><mn>0</mn><mo separator="true">,</mo><mi>b</mi><mo fence="true" form="postfix">)</mo></mrow><mspace width="0.2778em"></mspace><mi>∎</mi></mrow></mtd></mtr></mtable></math></p>
",
          },
          {
            "body": "<p>We apply a translation of <math><mn>1</mn></math>
unit in the positive <math><mrow><mi>x</mi><mtext>-axis</mtext></mrow></math>
direction on <math><mrow><mi>y</mi><mo>=</mo></mrow><mrow><mi>f</mi><mo form="prefix" stretchy="false">(</mo><mi>x</mi><mo form="postfix" stretchy="false">)</mo></mrow></math></p>
<p><math display="block" class="tml-display" style="display:block math;"><mrow><mrow><mo fence="true" form="prefix">(</mo><mi>a</mi><mo>+</mo><mn>1</mn><mo separator="true">,</mo><mn>0</mn><mo fence="true" form="postfix">)</mo></mrow><mspace width="0.2778em"></mspace><mi>∎</mi></mrow></math></p>
",
          },
          {
            "body": "<p>We apply a scaling of scale factor <math><mfrac><mn>1</mn><mn>2</mn></mfrac></math>
parallel to the <math><mrow><mi>x</mi><mtext>-axis</mtext></mrow></math>
on <math><mrow><mi>y</mi><mo>=</mo></mrow><mrow><mi>f</mi><mo form="prefix" stretchy="false">(</mo><mi>x</mi><mo>−</mo><mn>1</mn><mo form="postfix" stretchy="false">)</mo></mrow></math>
from the previous part</p>
<p><math display="block" class="tml-display" style="display:block math;"><mrow><mrow><mo fence="true" form="prefix">(</mo><mi>a</mi><mo>+</mo><mn>1</mn><mo separator="true">,</mo><mn>0</mn><mo fence="true" form="postfix">)</mo></mrow><mspace width="0.2778em"></mspace><mi>∎</mi></mrow></math></p>
",
          },
          {
            "body": "<p>We apply a reflection of the curve <math><mrow><mi>y</mi><mo>=</mo></mrow><mrow><mi>f</mi><mo form="prefix" stretchy="false">(</mo><mi>x</mi><mo form="postfix" stretchy="false">)</mo></mrow></math>
about the line <math><mrow><mi>y</mi><mo>=</mo><mi>x</mi><mi>.</mi></mrow></math></p>
<p><math display="block" class="tml-display" style="display:block math;"><mtable displaystyle="true"><mtr><mtd style="padding:0.7ex 0em 0.7ex 0em;"><mrow><mrow><mo fence="true" form="prefix">(</mo><mn>0</mn><mo separator="true">,</mo><mi>a</mi><mo fence="true" form="postfix">)</mo></mrow><mspace width="0.2778em"></mspace><mi>∎</mi></mrow></mtd></mtr><mtr><mtd style="padding:0.7ex 0em 0.7ex 0em;"><mrow><mrow><mo fence="true" form="prefix">(</mo><mi>b</mi><mo separator="true">,</mo><mn>0</mn><mo fence="true" form="postfix">)</mo></mrow><mspace width="0.2778em"></mspace><mi>∎</mi></mrow></mtd></mtr></mtable></math></p>
",
          },
        ],
      },
      {
        "parts": [
          {
            "body": "<p><math display="block" class="tml-display" style="display:block math;"><mrow><mi>a</mi><mo>=</mo><mn>1</mn><mspace width="0.2778em"></mspace><mi>∎</mi></mrow></math></p>
<p><math><mrow><mi>x</mi><mo>=</mo></mrow><mrow><mn>1</mn></mrow></math>
has to be excluded from the domain of <math><mi>g</mi></math>
as <math><mrow><mi>g</mi><mo form="prefix" stretchy="false">(</mo><mn>1</mn><mo form="postfix" stretchy="false">)</mo></mrow></math>
is not defined <math><mrow><mspace width="0.2778em"></mspace><mi>∎</mi></mrow></math></p>
",
          },
          {
            "body": "<p><math display="block" class="tml-display" style="display:block math;"><mtable displaystyle="true" columnalign="right left"><mtr><mtd class="tml-right" style="padding:0.7ex 0em 0.7ex 0em;"><mrow><msup><mi>g</mi><mn>2</mn></msup><mo form="prefix" stretchy="false">(</mo><mi>x</mi><mo form="postfix" stretchy="false">)</mo></mrow></mtd><mtd class="tml-left" style="padding:0.7ex 0em 0.7ex 0em;"><mrow><mo>=</mo><mi>g</mi><mi>g</mi><mo form="prefix" stretchy="false">(</mo><mi>x</mi><mo form="postfix" stretchy="false">)</mo></mrow></mtd></mtr><mtr><mtd class="tml-right" style="padding:0.7ex 0em 0.7ex 0em;"><mrow></mrow></mtd><mtd class="tml-left" style="padding:0.7ex 0em 0.7ex 0em;"><mrow><mo>=</mo><mi>g</mi><mrow><mo fence="true" form="prefix">(</mo><mn>1</mn><mo>−</mo><mfrac><mn>1</mn><mrow><mn>1</mn><mo>−</mo><mi>x</mi></mrow></mfrac><mo fence="true" form="postfix">)</mo></mrow></mrow></mtd></mtr><mtr><mtd class="tml-right" style="padding:0.7ex 0em 0.7ex 0em;"><mrow></mrow></mtd><mtd class="tml-left" style="padding:0.7ex 0em 0.7ex 0em;"><mrow><mo>=</mo><mn>1</mn><mo>−</mo><mfrac><mn>1</mn><mrow><mn>1</mn><mo>−</mo><mrow><mo fence="true" form="prefix">(</mo><mn>1</mn><mo>−</mo><mfrac><mn>1</mn><mrow><mn>1</mn><mo>−</mo><mi>x</mi></mrow></mfrac><mo fence="true" form="postfix">)</mo></mrow></mrow></mfrac></mrow></mtd></mtr><mtr><mtd class="tml-right" style="padding:0.7ex 0em 0.7ex 0em;"><mrow></mrow></mtd><mtd class="tml-left" style="padding:0.7ex 0em 0.7ex 0em;"><mrow><mo>=</mo><mn>1</mn><mo>−</mo><mrow><mo fence="true" form="prefix">(</mo><mn>1</mn><mo>−</mo><mi>x</mi><mo fence="true" form="postfix">)</mo></mrow></mrow></mtd></mtr><mtr><mtd class="tml-right" style="padding:0.7ex 0em 0.7ex 0em;"><mrow></mrow></mtd><mtd class="tml-left" style="padding:0.7ex 0em 0.7ex 0em;"><mrow><mo>=</mo><mi>x</mi><mspace width="0.2778em"></mspace><mi>■</mi></mrow></mtd></mtr></mtable></math></p>
<p><math display="block" class="tml-display" style="display:block math;"><mtable displaystyle="true" columnalign="right left"><mtr><mtd class="tml-right" style="padding:0.7ex 0em 0.7ex 0em;"><mrow><mi>g</mi><mi>g</mi><mo form="prefix" stretchy="false">(</mo><mi>x</mi><mo form="postfix" stretchy="false">)</mo></mrow></mtd><mtd class="tml-left" style="padding:0.7ex 0em 0.7ex 0em;"><mrow><mo>=</mo><mi>x</mi></mrow></mtd></mtr><mtr><mtd class="tml-right" style="padding:0.7ex 0em 0.7ex 0em;"><mrow><msup><mi>g</mi><mrow><mo lspace="0em" rspace="0em">−</mo><mn>1</mn></mrow></msup><mi>g</mi><mi>g</mi><mo form="prefix" stretchy="false">(</mo><mi>x</mi><mo form="postfix" stretchy="false">)</mo></mrow></mtd><mtd class="tml-left" style="padding:0.7ex 0em 0.7ex 0em;"><mrow><mo>=</mo><msup><mi>g</mi><mrow><mo form="prefix" stretchy="false" lspace="0em" rspace="0em">−</mo><mn>1</mn></mrow></msup><mo form="prefix" stretchy="false">(</mo><mi>x</mi><mo form="postfix" stretchy="false">)</mo></mrow></mtd></mtr><mtr><mtd class="tml-right" style="padding:0.7ex 0em 0.7ex 0em;"><mrow><mi>g</mi><mo form="prefix" stretchy="false">(</mo><mi>x</mi><mo form="postfix" stretchy="false">)</mo></mrow></mtd><mtd class="tml-left" style="padding:0.7ex 0em 0.7ex 0em;"><mrow><mo>=</mo><msup><mi>g</mi><mrow><mo form="prefix" stretchy="false" lspace="0em" rspace="0em">−</mo><mn>1</mn></mrow></msup><mo form="prefix" stretchy="false">(</mo><mi>x</mi><mo form="postfix" stretchy="false">)</mo></mrow></mtd></mtr><mtr><mtd class="tml-right" style="padding:0.7ex 0em 0.7ex 0em;"><mrow><msup><mi>g</mi><mrow><mo lspace="0em" rspace="0em">−</mo><mn>1</mn></mrow></msup><mo form="prefix" stretchy="false">(</mo><mi>x</mi><mo form="postfix" stretchy="false">)</mo></mrow></mtd><mtd class="tml-left" style="padding:0.7ex 0em 0.7ex 0em;"><mrow><mo>=</mo><mn>1</mn><mo>−</mo><mfrac><mn>1</mn><mrow><mn>1</mn><mo>−</mo><mi>x</mi></mrow></mfrac><mspace width="0.2778em"></mspace><mi>■</mi></mrow></mtd></mtr></mtable></math></p>
",
          },
          {
            "body": "<p><math display="block" class="tml-display" style="display:block math;"><mtable displaystyle="true"><mtr><mtd style="padding:0.7ex 0em 0.7ex 0em;"><mrow><msup><mi>g</mi><mn>2</mn></msup><mo form="prefix" stretchy="false">(</mo><mi>b</mi><mo form="postfix" stretchy="false">)</mo><mo>=</mo><msup><mi>g</mi><mrow><mo form="prefix" stretchy="false" lspace="0em" rspace="0em">−</mo><mn>1</mn></mrow></msup><mo form="prefix" stretchy="false">(</mo><mi>b</mi><mo form="postfix" stretchy="false">)</mo></mrow></mtd></mtr><mtr><mtd style="padding:0.7ex 0em 0.7ex 0em;"><mrow><mi>b</mi><mo>=</mo><mn>1</mn><mo>−</mo><mfrac><mn>1</mn><mrow><mn>1</mn><mo>−</mo><mi>b</mi></mrow></mfrac></mrow></mtd></mtr><mtr><mtd style="padding:0.7ex 0em 0.7ex 0em;"><mrow><mn>1</mn><mo>−</mo><mi>b</mi><mo>=</mo><mfrac><mn>1</mn><mrow><mn>1</mn><mo>−</mo><mi>b</mi></mrow></mfrac></mrow></mtd></mtr><mtr><mtd style="padding:0.7ex 0em 0.7ex 0em;"><mrow><msup><mrow><mo fence="true" form="prefix">(</mo><mn>1</mn><mo>−</mo><mi>b</mi><mo fence="true" form="postfix">)</mo></mrow><mn>2</mn></msup><mo>=</mo><mn>1</mn></mrow></mtd></mtr><mtr><mtd style="padding:0.7ex 0em 0.7ex 0em;"><mrow><mn>1</mn><mo>−</mo><mi>b</mi><mo>=</mo><mo form="prefix" stretchy="false">±</mo><mn>1</mn></mrow></mtd></mtr><mtr><mtd style="padding:0.7ex 0em 0.7ex 0em;"><mrow><mi>b</mi><mo>=</mo><mn>0</mn><mspace width="0.2778em"></mspace><mi>∎</mi><mspace width="1em"></mspace><mtext>or</mtext><mspace width="1em"></mspace><mi>b</mi><mo>=</mo><mn>2</mn><mspace width="0.2778em"></mspace><mi>∎</mi></mrow></mtd></mtr></mtable></math></p>
",
          },
        ],
      },
    ],
  },
}
`;
