// Vitest Snapshot v1, https://vitest.dev/guide/snapshot.html

exports[`2022p1q6 1`] = `
Answer {
  "answer": {
    "parts": [
      {
        "body": "<p>Translate the curve <math><mrow><mi>y</mi><mo>=</mo><mfrac><mn>1</mn><mi>x</mi></mfrac></mrow></math>
by <math><mi>a</mi></math>
units in the positive <math><mrow><mi>x</mi><mtext>-axis</mtext></mrow></math>
direction.
<br>
Scale the resulting curve by a factor of <math><mrow><msup><mi>a</mi><mn>2</mn></msup><mo>+</mo></mrow><mrow><mi>k</mi></mrow></math>
parallel to the <math><mrow><mi>y</mi><mtext>-axis</mtext><mi>.</mi></mrow></math>
<br>
Translate the resulting curve by <math><mi>a</mi></math>
units in the positive <math><mrow><mi>y</mi><mtext>-axis</mtext></mrow></math>
direction.</p>
",
      },
      {
        "body": "<p><math><mrow><msup><mi>f</mi><mrow><mo lspace="0em" rspace="0em">−</mo><mn>1</mn></mrow></msup><mo form="prefix" stretchy="false">(</mo><mi>x</mi><mo form="postfix" stretchy="false">)</mo><mo>=</mo></mrow><mrow><mfrac><mrow><mi>x</mi><mi>a</mi><mo>+</mo><mi>k</mi></mrow><mrow><mi>x</mi><mo>−</mo><mi>a</mi></mrow></mfrac><mi>.</mi></mrow></math></p>
",
      },
      {
        "body": "<p><math><mrow><msup><mi>f</mi><mn>2</mn></msup><mo form="prefix" stretchy="false">(</mo><mi>x</mi><mo form="postfix" stretchy="false">)</mo><mo>=</mo></mrow><mrow><mi>x</mi><mi>.</mi></mrow></math></p>
",
      },
      {
        "body": "<p><math><mrow><msup><mi>f</mi><mn>2023</mn></msup><mo form="prefix" stretchy="false">(</mo><mn>1</mn><mo form="postfix" stretchy="false">)</mo><mo>=</mo></mrow><mrow><mfrac><mrow><mi>a</mi><mo>+</mo><mi>k</mi></mrow><mrow><mn>1</mn><mo>−</mo><mi>a</mi></mrow></mfrac><mi>.</mi></mrow></math></p>
",
      },
    ],
  },
  "solution": {
    "parts": [
      {
        "body": "<p><math display="block" class="tml-display" style="display:block math;"><mrow><mfrac><mrow><mi>a</mi><mi>x</mi><mo>+</mo><mi>k</mi></mrow><mrow><mi>x</mi><mo>−</mo><mi>a</mi></mrow></mfrac><mo>=</mo><mi>a</mi><mo>+</mo><mfrac><mrow><msup><mi>a</mi><mn>2</mn></msup><mo>+</mo><mi>k</mi></mrow><mrow><mi>x</mi><mo>−</mo><mi>a</mi></mrow></mfrac></mrow></math></p>
<ul>
<li>
Translate the curve <math><mrow><mi>y</mi><mo>=</mo><mfrac><mn>1</mn><mi>x</mi></mfrac></mrow></math>
by <math><mi>a</mi></math>
units in the positive <math><mrow><mi>x</mi><mtext>-axis</mtext></mrow></math>
direction
</li>
<li>
Scale the resulting curve by a factor of <math><mrow><msup><mi>a</mi><mn>2</mn></msup><mo>+</mo></mrow><mrow><mi>k</mi></mrow></math>
parallel to the <math><mrow><mi>y</mi><mtext>-axis</mtext></mrow></math>
</li>
<li>
Translate the resulting curve by <math><mi>a</mi></math>
units in the positive <math><mrow><mi>y</mi><mtext>-axis</mtext></mrow></math>
direction<math><mrow><mspace width="0.2778em"></mspace><mi>■</mi></mrow></math>
</li>
</ul>
",
      },
      {
        "body": "<p><math display="block" class="tml-display" style="display:block math;"><mtable displaystyle="true"><mtr><mtd style="padding:0.7ex 0em 0.7ex 0em;"><mrow><mtext>Let </mtext><mi>y</mi><mo>=</mo><mfrac><mrow><mi>a</mi><mi>x</mi><mo>+</mo><mi>k</mi></mrow><mrow><mi>x</mi><mo>−</mo><mi>a</mi></mrow></mfrac></mrow></mtd></mtr><mtr><mtd style="padding:0.7ex 0em 0.7ex 0em;"><mrow><mi>y</mi><mrow><mo fence="true" form="prefix">(</mo><mi>x</mi><mo>−</mo><mi>a</mi><mo fence="true" form="postfix">)</mo></mrow><mo>=</mo><mi>a</mi><mi>x</mi><mo>+</mo><mi>k</mi></mrow></mtd></mtr><mtr><mtd style="padding:0.7ex 0em 0.7ex 0em;"><mrow><mi>y</mi><mi>x</mi><mo>−</mo><mi>y</mi><mi>a</mi><mo>=</mo><mi>a</mi><mi>x</mi><mo>+</mo><mi>k</mi></mrow></mtd></mtr><mtr><mtd style="padding:0.7ex 0em 0.7ex 0em;"><mrow><mi>y</mi><mi>x</mi><mo>−</mo><mi>a</mi><mi>x</mi><mo>=</mo><mi>y</mi><mi>a</mi><mo>+</mo><mi>k</mi></mrow></mtd></mtr><mtr><mtd style="padding:0.7ex 0em 0.7ex 0em;"><mrow><mi>x</mi><mrow><mo fence="true" form="prefix">(</mo><mi>y</mi><mo>−</mo><mi>a</mi><mo fence="true" form="postfix">)</mo></mrow><mo>=</mo><mi>y</mi><mi>a</mi><mo>+</mo><mi>k</mi></mrow></mtd></mtr><mtr><mtd style="padding:0.7ex 0em 0.7ex 0em;"><mrow><mi>x</mi><mo>=</mo><mfrac><mrow><mi>y</mi><mi>a</mi><mo>+</mo><mi>k</mi></mrow><mrow><mi>y</mi><mo>−</mo><mi>a</mi></mrow></mfrac></mrow></mtd></mtr><mtr><mtd style="padding:0.7ex 0em 0.7ex 0em;"><mrow><msup><mi>f</mi><mrow><mo lspace="0em" rspace="0em">−</mo><mn>1</mn></mrow></msup><mo form="prefix" stretchy="false">(</mo><mi>x</mi><mo form="postfix" stretchy="false">)</mo><mo>=</mo><mfrac><mrow><mi>x</mi><mi>a</mi><mo>+</mo><mi>k</mi></mrow><mrow><mi>x</mi><mo>−</mo><mi>a</mi></mrow></mfrac></mrow></mtd></mtr></mtable></math></p>
",
      },
      {
        "body": "<p>We observe from part (b) that <math><mrow><mi>f</mi><mo form="prefix" stretchy="false">(</mo><mi>x</mi><mo form="postfix" stretchy="false">)</mo><mo>=</mo><msup><mi>f</mi><mrow><mo form="prefix" stretchy="false" lspace="0em" rspace="0em">−</mo><mn>1</mn></mrow></msup><mo form="prefix" stretchy="false">(</mo><mi>x</mi><mo form="postfix" stretchy="false">)</mo><mi>.</mi></mrow></math>
Hence <math display="block" class="tml-display" style="display:block math;"><mtable displaystyle="true" columnalign="right left"><mtr><mtd class="tml-right" style="padding:0.7ex 0em 0.7ex 0em;"><mrow><msup><mi>f</mi><mn>2</mn></msup><mo form="prefix" stretchy="false">(</mo><mi>x</mi><mo form="postfix" stretchy="false">)</mo></mrow></mtd><mtd class="tml-left" style="padding:0.7ex 0em 0.7ex 0em;"><mrow><mo>=</mo><mi>f</mi><mi>f</mi><mo form="prefix" stretchy="false">(</mo><mi>x</mi><mo form="postfix" stretchy="false">)</mo></mrow></mtd></mtr><mtr><mtd class="tml-right" style="padding:0.7ex 0em 0.7ex 0em;"><mrow><mi>f</mi><msup><mi>f</mi><mrow><mo lspace="0em" rspace="0em">−</mo><mn>1</mn></mrow></msup><mo form="prefix" stretchy="false">(</mo><mi>x</mi><mo form="postfix" stretchy="false">)</mo></mrow></mtd></mtr><mtr><mtd class="tml-right" style="padding:0.7ex 0em 0.7ex 0em;"><mrow><mi>x</mi><mspace width="0.2778em"></mspace><mi>■</mi></mrow></mtd></mtr></mtable></math></p>
",
      },
      {
        "body": "<p><math display="block" class="tml-display" style="display:block math;"><mtable displaystyle="true" columnalign="right left"><mtr><mtd class="tml-right" style="padding:0.7ex 0em 0.7ex 0em;"><mrow><msup><mi>f</mi><mn>2023</mn></msup><mo form="prefix" stretchy="false">(</mo><mn>1</mn><mo form="postfix" stretchy="false">)</mo></mrow></mtd><mtd class="tml-left" style="padding:0.7ex 0em 0.7ex 0em;"><mrow><mo>=</mo><msup><mi>f</mi><mn>2021</mn></msup><mi>f</mi><mi>f</mi><mo form="prefix" stretchy="false">(</mo><mn>1</mn><mo form="postfix" stretchy="false">)</mo></mrow></mtd></mtr><mtr><mtd class="tml-right" style="padding:0.7ex 0em 0.7ex 0em;"><mrow></mrow></mtd><mtd class="tml-left" style="padding:0.7ex 0em 0.7ex 0em;"><mrow><mo>=</mo><msup><mi>f</mi><mn>2021</mn></msup><mi>f</mi><msup><mi>f</mi><mrow><mo lspace="0em" rspace="0em">−</mo><mn>1</mn></mrow></msup><mo form="prefix" stretchy="false">(</mo><mn>1</mn><mo form="postfix" stretchy="false">)</mo></mrow></mtd></mtr><mtr><mtd class="tml-right" style="padding:0.7ex 0em 0.7ex 0em;"><mrow></mrow></mtd><mtd class="tml-left" style="padding:0.7ex 0em 0.7ex 0em;"><mrow><mo>=</mo><msup><mi>f</mi><mn>2021</mn></msup><mo form="prefix" stretchy="false">(</mo><mn>1</mn><mo form="postfix" stretchy="false">)</mo></mrow></mtd></mtr><mtr><mtd class="tml-right" style="padding:0.7ex 0em 0.7ex 0em;"><mrow></mrow></mtd><mtd class="tml-left" style="padding:0.7ex 0em 0.7ex 0em;"><mrow><mo>=</mo><mo>⋯</mo></mrow></mtd></mtr><mtr><mtd class="tml-right" style="padding:0.7ex 0em 0.7ex 0em;"><mrow></mrow></mtd><mtd class="tml-left" style="padding:0.7ex 0em 0.7ex 0em;"><mrow><mo>=</mo><mi>f</mi><mo form="prefix" stretchy="false">(</mo><mn>1</mn><mo form="postfix" stretchy="false">)</mo></mrow></mtd></mtr><mtr><mtd class="tml-right" style="padding:0.7ex 0em 0.7ex 0em;"><mrow></mrow></mtd><mtd class="tml-left" style="padding:0.7ex 0em 0.7ex 0em;"><mrow><mo>=</mo><mfrac><mrow><mi>a</mi><mo>+</mo><mi>k</mi></mrow><mrow><mn>1</mn><mo>−</mo><mi>a</mi></mrow></mfrac><mspace width="0.2778em"></mspace><mi>■</mi></mrow></mtd></mtr></mtable></math></p>
",
      },
    ],
  },
}
`;
