// Vitest Snapshot v1, https://vitest.dev/guide/snapshot.html

exports[`2021p2q3 1`] = `
Answer {
  "answer": {
    "parts": [
      {
        "parts": [
          {
            "body": "<p><math><mrow><mi>g</mi><mi>h</mi><mrow><mo fence="true" form="prefix">(</mo><mn>2</mn><mo fence="true" form="postfix">)</mo></mrow><mo>=</mo></mrow><mrow><mfrac><mn>1</mn><mn>4</mn></mfrac><mi>.</mi></mrow></math></p>
",
          },
          {
            "body": "<p><math><mrow><mi>x</mi><mo>=</mo></mrow><mrow><mfrac><mn>2</mn><mn>5</mn></mfrac><mi>.</mi></mrow></math></p>
",
          },
        ],
      },
      {
        "parts": [
          {
            "body": "<p><math><mrow><mi>k</mi><mo>=</mo></mrow><mrow><mo form="prefix" stretchy="false">−</mo></mrow><mrow><mfrac><mi>b</mi><mn>2</mn></mfrac><mi>.</mi></mrow></math>
<br>
It must be excluded as <math><mi>f</mi></math>
is not defined when <math><mrow><mi>x</mi><mo>=</mo><mo form="prefix" stretchy="false">−</mo><mfrac><mi>b</mi><mn>2</mn></mfrac></mrow></math></p>
",
          },
          {
            "body": "<p><math><mrow><mi>b</mi><mo>=</mo></mrow><mrow><mo form="prefix" stretchy="false">−</mo></mrow><mrow><mn>1</mn><mi>.</mi></mrow></math>
<br>
<math><mrow><mi>a</mi><mo>∈</mo></mrow><mrow><mi>ℝ</mi><mo separator="true">,</mo></mrow><mrow><mi>a</mi><mo>≠</mo></mrow><mrow><mo form="prefix" stretchy="false">−</mo></mrow><mrow><mfrac><mn>1</mn><mn>2</mn></mfrac><mi>.</mi></mrow></math></p>
",
          },
          {
            "body": "<p><math><mrow><msup><mi>f</mi><mrow><mo lspace="0em" rspace="0em">−</mo><mn>1</mn></mrow></msup><mo form="prefix" stretchy="false">(</mo><mo form="prefix" stretchy="false">−</mo><mn>4</mn><mo form="postfix" stretchy="false">)</mo><mo>=</mo></mrow><mrow><mfrac><mrow><mn>4</mn><mo>−</mo><mi>a</mi></mrow><mn>9</mn></mfrac><mi>.</mi></mrow></math></p>
",
          },
        ],
      },
    ],
  },
  "solution": {
    "parts": [
      {
        "parts": [
          {
            "body": "<p><math display="block" class="tml-display" style="display:block math;"><mtable displaystyle="true" columnalign="right left"><mtr><mtd class="tml-right" style="padding:0.7ex 0em 0.7ex 0em;"><mrow></mrow></mtd><mtd class="tml-left" style="padding:0.7ex 0em 0.7ex 0em;"><mrow><mi>g</mi><mi>h</mi><mrow><mo fence="true" form="prefix">(</mo><mn>2</mn><mo fence="true" form="postfix">)</mo></mrow></mrow></mtd></mtr><mtr><mtd class="tml-right" style="padding:0.7ex 0em 0.7ex 0em;"><mrow></mrow></mtd><mtd class="tml-left" style="padding:0.7ex 0em 0.7ex 0em;"><mrow><mo>=</mo><mi>g</mi><mrow><mo fence="true" form="prefix">(</mo><mfrac><mn>1</mn><mn>2</mn></mfrac><mrow><mo fence="true" form="prefix">(</mo><msup><mn>2</mn><mn>2</mn></msup><mo fence="true" form="postfix">)</mo></mrow><mo>+</mo><mn>3</mn><mo fence="true" form="postfix">)</mo></mrow></mrow></mtd></mtr><mtr><mtd class="tml-right" style="padding:0.7ex 0em 0.7ex 0em;"><mrow></mrow></mtd><mtd class="tml-left" style="padding:0.7ex 0em 0.7ex 0em;"><mrow><mo>=</mo><mi>g</mi><mrow><mo fence="true" form="prefix">(</mo><mn>5</mn><mo fence="true" form="postfix">)</mo></mrow></mrow></mtd></mtr><mtr><mtd class="tml-right" style="padding:0.7ex 0em 0.7ex 0em;"><mrow></mrow></mtd><mtd class="tml-left" style="padding:0.7ex 0em 0.7ex 0em;"><mrow><mo>=</mo><mfrac><mrow><mn>5</mn><mo>+</mo><mn>1</mn></mrow><mrow><mn>5</mn><mrow><mo fence="true" form="prefix">(</mo><mn>5</mn><mo fence="true" form="postfix">)</mo></mrow><mo>−</mo><mn>1</mn></mrow></mfrac></mrow></mtd></mtr><mtr><mtd class="tml-right" style="padding:0.7ex 0em 0.7ex 0em;"><mrow></mrow></mtd><mtd class="tml-left" style="padding:0.7ex 0em 0.7ex 0em;"><mrow><mo>=</mo><mfrac><mn>1</mn><mn>4</mn></mfrac><mspace width="0.2778em"></mspace><mi>■</mi></mrow></mtd></mtr></mtable></math></p>
",
          },
          {
            "body": "<p><math display="block" class="tml-display" style="display:block math;"><mtable displaystyle="true"><mtr><mtd style="padding:0.7ex 0em 0.7ex 0em;"><mrow><mi>g</mi><mo form="prefix" stretchy="false">(</mo><mi>x</mi><mo form="postfix" stretchy="false">)</mo><mo>=</mo><mn>1.4</mn></mrow></mtd></mtr><mtr><mtd style="padding:0.7ex 0em 0.7ex 0em;"><mrow><mfrac><mrow><mi>x</mi><mo>+</mo><mn>1</mn></mrow><mrow><mn>5</mn><mi>x</mi><mo>−</mo><mn>1</mn></mrow></mfrac><mo>=</mo><mfrac><mn>7</mn><mn>5</mn></mfrac></mrow></mtd></mtr><mtr><mtd style="padding:0.7ex 0em 0.7ex 0em;"><mrow><mn>5</mn><mrow><mo fence="true" form="prefix">(</mo><mi>x</mi><mo>+</mo><mn>1</mn><mo fence="true" form="postfix">)</mo></mrow><mo>=</mo><mn>7</mn><mrow><mo fence="true" form="prefix">(</mo><mn>5</mn><mi>x</mi><mo>−</mo><mn>1</mn><mo fence="true" form="postfix">)</mo></mrow></mrow></mtd></mtr><mtr><mtd style="padding:0.7ex 0em 0.7ex 0em;"><mrow><mn>5</mn><mi>x</mi><mo>+</mo><mn>5</mn><mo>=</mo><mn>35</mn><mi>x</mi><mo>−</mo><mn>7</mn></mrow></mtd></mtr><mtr><mtd style="padding:0.7ex 0em 0.7ex 0em;"><mrow><mo>−</mo><mn>30</mn><mi>x</mi><mo>=</mo><mo form="prefix" stretchy="false">−</mo><mn>12</mn></mrow></mtd></mtr><mtr><mtd style="padding:0.7ex 0em 0.7ex 0em;"><mrow><mi>x</mi><mo>=</mo><mfrac><mn>2</mn><mn>5</mn></mfrac><mspace width="0.2778em"></mspace><mi>■</mi></mrow></mtd></mtr></mtable></math></p>
",
          },
        ],
      },
      {
        "parts": [
          {
            "body": "<p>Note that division by zero is undefined
<math display="block" class="tml-display" style="display:block math;"><mtable displaystyle="true"><mtr><mtd style="padding:0.7ex 0em 0.7ex 0em;"><mrow><mn>2</mn><mi>x</mi><mo>+</mo><mi>b</mi><mo>=</mo><mn>0</mn></mrow></mtd></mtr><mtr><mtd style="padding:0.7ex 0em 0.7ex 0em;"><mrow><mn>2</mn><mi>x</mi><mo>=</mo><mo form="prefix" stretchy="false">−</mo><mi>b</mi></mrow></mtd></mtr><mtr><mtd style="padding:0.7ex 0em 0.7ex 0em;"><mrow><mi>x</mi><mo>=</mo><mo form="prefix" stretchy="false">−</mo><mfrac><mi>b</mi><mn>2</mn></mfrac></mrow></mtd></mtr></mtable></math></p>
<p>Hence <math><mrow><mi>k</mi><mo>=</mo></mrow><mrow><mo form="prefix" stretchy="false">−</mo></mrow><mrow><mfrac><mi>b</mi><mn>2</mn></mfrac></mrow></math>
and it must be excluded from the domain of <math><mi>f</mi></math>
since <math><mi>f</mi></math>
is not defined when <math><mrow><mi>x</mi><mo>=</mo></mrow><mrow><mo form="prefix" stretchy="false">−</mo></mrow><mrow><mfrac><mi>b</mi><mn>2</mn></mfrac><mspace width="0.2778em"></mspace><mi>■</mi></mrow></math></p>
",
          },
          {
            "body": "<p><math display="block" class="tml-display" style="display:block math;"><mtable displaystyle="true"><mtr><mtd style="padding:0.7ex 0em 0.7ex 0em;"><mrow><mtext>Let </mtext><mi>y</mi><mo>=</mo><mfrac><mrow><mi>x</mi><mo>+</mo><mi>a</mi></mrow><mrow><mn>2</mn><mi>x</mi><mo>+</mo><mi>b</mi></mrow></mfrac></mrow></mtd></mtr><mtr><mtd style="padding:0.7ex 0em 0.7ex 0em;"><mrow><mi>y</mi><mrow><mo fence="true" form="prefix">(</mo><mn>2</mn><mi>x</mi><mo>+</mo><mi>b</mi><mo fence="true" form="postfix">)</mo></mrow><mo>=</mo><mi>x</mi><mo>+</mo><mi>a</mi></mrow></mtd></mtr><mtr><mtd style="padding:0.7ex 0em 0.7ex 0em;"><mrow><mn>2</mn><mi>y</mi><mi>x</mi><mo>+</mo><mi>y</mi><mi>b</mi><mo>=</mo><mi>x</mi><mo>+</mo><mi>a</mi></mrow></mtd></mtr><mtr><mtd style="padding:0.7ex 0em 0.7ex 0em;"><mrow><mn>2</mn><mi>y</mi><mi>x</mi><mo>−</mo><mi>x</mi><mo>=</mo><mi>a</mi><mo>−</mo><mi>y</mi><mi>b</mi></mrow></mtd></mtr><mtr><mtd style="padding:0.7ex 0em 0.7ex 0em;"><mrow><mi>x</mi><mrow><mo fence="true" form="prefix">(</mo><mn>2</mn><mi>y</mi><mo>−</mo><mn>1</mn><mo fence="true" form="postfix">)</mo></mrow><mo>=</mo><mi>a</mi><mo>−</mo><mi>y</mi><mi>b</mi></mrow></mtd></mtr><mtr><mtd style="padding:0.7ex 0em 0.7ex 0em;"><mrow><mi>x</mi><mo>=</mo><mfrac><mrow><mi>a</mi><mo>−</mo><mi>y</mi><mi>b</mi></mrow><mrow><mn>2</mn><mi>y</mi><mo>−</mo><mn>1</mn></mrow></mfrac></mrow></mtd></mtr><mtr><mtd style="padding:0.7ex 0em 0.7ex 0em;"><mrow><msup><mi>f</mi><mrow><mo lspace="0em" rspace="0em">−</mo><mn>1</mn></mrow></msup><mo form="prefix" stretchy="false">(</mo><mi>x</mi><mo form="postfix" stretchy="false">)</mo><mo>=</mo><mfrac><mrow><mi>a</mi><mo>−</mo><mi>x</mi><mi>b</mi></mrow><mrow><mn>2</mn><mi>x</mi><mo>−</mo><mn>1</mn></mrow></mfrac></mrow></mtd></mtr></mtable></math></p>
<p><math display="block" class="tml-display" style="display:block math;"><mtable displaystyle="true" columnalign="right left"><mtr><mtd class="tml-right" style="padding:0.7ex 0em 0.7ex 0em;"><mrow><mi>f</mi><mo form="prefix" stretchy="false">(</mo><mi>x</mi><mo form="postfix" stretchy="false">)</mo></mrow></mtd><mtd class="tml-left" style="padding:0.7ex 0em 0.7ex 0em;"><mrow><mo>=</mo><msup><mi>f</mi><mrow><mo form="prefix" stretchy="false" lspace="0em" rspace="0em">−</mo><mn>1</mn></mrow></msup><mo form="prefix" stretchy="false">(</mo><mi>x</mi><mo form="postfix" stretchy="false">)</mo></mrow></mtd></mtr><mtr><mtd class="tml-right" style="padding:0.7ex 0em 0.7ex 0em;"><mfrac><mrow><mi>x</mi><mo>+</mo><mi>a</mi></mrow><mrow><mn>2</mn><mi>x</mi><mo>+</mo><mi>b</mi></mrow></mfrac></mtd><mtd class="tml-left" style="padding:0.7ex 0em 0.7ex 0em;"><mrow><mo>=</mo><mfrac><mrow><mi>a</mi><mo>−</mo><mi>x</mi><mi>b</mi></mrow><mrow><mn>2</mn><mi>x</mi><mo>−</mo><mn>1</mn></mrow></mfrac></mrow></mtd></mtr></mtable></math></p>
<p>Since this is valid for all <math><mi>x</mi></math>
in the domain of <math><mrow><mi>f</mi><mo separator="true">,</mo></mrow></math>
by comparing,</p>
<p><math display="block" class="tml-display" style="display:block math;"><mrow><mi>b</mi><mo>=</mo><mo form="prefix" stretchy="false">−</mo><mn>1</mn><mspace width="0.2778em"></mspace><mi>∎</mi></mrow></math></p>
<p>Substituting this into <math><mrow><mi>f</mi><mo form="prefix" stretchy="false">(</mo><mi>x</mi><mo form="postfix" stretchy="false">)</mo><mo lspace="0.2222em" rspace="0.2222em">:</mo></mrow></math></p>
<p><math display="block" class="tml-display" style="display:block math;"><mrow><mi>f</mi><mo form="prefix" stretchy="false">(</mo><mi>x</mi><mo form="postfix" stretchy="false">)</mo><mo>=</mo><mfrac><mrow><mi>x</mi><mo>+</mo><mi>a</mi></mrow><mrow><mn>2</mn><mi>x</mi><mo>−</mo><mn>1</mn></mrow></mfrac></mrow></math></p>
<p>We observe that if <math><mrow><mi>a</mi><mo>=</mo><mo form="prefix" stretchy="false">−</mo><mfrac><mn>1</mn><mn>2</mn></mfrac><mo separator="true" lspace="0em" rspace="0em">,</mo></mrow></math>
then <math><mrow><mi>f</mi><mo form="prefix" stretchy="false">(</mo><mi>x</mi><mo form="postfix" stretchy="false">)</mo><mo>=</mo><mfrac><mrow><mi>x</mi><mo>−</mo><mfrac><mn>1</mn><mn>2</mn></mfrac></mrow><mrow><mn>2</mn><mi>x</mi><mo>−</mo><mn>1</mn></mrow></mfrac><mo>=</mo><mfrac><mn>1</mn><mn>2</mn></mfrac></mrow></math>
which is not a one-to-one function and does not have an inverse.</p>
<p>Hence <math><mi>a</mi></math>
can take all real values except <math><mrow><mo>−</mo></mrow><mrow><mfrac><mn>1</mn><mn>2</mn></mfrac></mrow></math></p>
<p><math display="block" class="tml-display" style="display:block math;"><mrow><mi>a</mi><mo>∈</mo><mi>ℝ</mi><mo separator="true">,</mo><mi>a</mi><mo>≠</mo><mo form="prefix" stretchy="false">−</mo><mfrac><mn>1</mn><mn>2</mn></mfrac><mspace width="0.2778em"></mspace><mi>∎</mi></mrow></math></p>
",
          },
          {
            "body": "<p><math display="block" class="tml-display" style="display:block math;"><mtable displaystyle="true" columnalign="right left"><mtr><mtd class="tml-right" style="padding:0.7ex 0em 0.7ex 0em;"><mrow><msup><mi>f</mi><mrow><mo lspace="0em" rspace="0em">−</mo><mn>1</mn></mrow></msup><mrow><mo fence="true" form="prefix">(</mo><mo>−</mo><mn>4</mn><mo fence="true" form="postfix">)</mo></mrow></mrow></mtd><mtd class="tml-left" style="padding:0.7ex 0em 0.7ex 0em;"><mrow><mo>=</mo><mi>f</mi><mrow><mo fence="true" form="prefix">(</mo><mo>−</mo><mn>4</mn><mo fence="true" form="postfix">)</mo></mrow></mrow></mtd></mtr><mtr><mtd class="tml-right" style="padding:0.7ex 0em 0.7ex 0em;"><mrow></mrow></mtd><mtd class="tml-left" style="padding:0.7ex 0em 0.7ex 0em;"><mrow><mo>=</mo><mfrac><mrow><mo form="prefix" stretchy="false" lspace="0em" rspace="0em">−</mo><mn>4</mn><mo>+</mo><mi>a</mi></mrow><mrow><mn>2</mn><mrow><mo fence="true" form="prefix">(</mo><mo>−</mo><mn>4</mn><mo fence="true" form="postfix">)</mo></mrow><mo>−</mo><mn>1</mn></mrow></mfrac></mrow></mtd></mtr><mtr><mtd class="tml-right" style="padding:0.7ex 0em 0.7ex 0em;"><mrow></mrow></mtd><mtd class="tml-left" style="padding:0.7ex 0em 0.7ex 0em;"><mrow><mo>=</mo><mo form="prefix" stretchy="false">−</mo><mfrac><mrow><mo form="prefix" stretchy="false" lspace="0em" rspace="0em">−</mo><mn>4</mn><mo>+</mo><mi>a</mi></mrow><mn>9</mn></mfrac></mrow></mtd></mtr><mtr><mtd class="tml-right" style="padding:0.7ex 0em 0.7ex 0em;"><mrow></mrow></mtd><mtd class="tml-left" style="padding:0.7ex 0em 0.7ex 0em;"><mrow><mo>=</mo><mfrac><mrow><mn>4</mn><mo>−</mo><mi>a</mi></mrow><mn>9</mn></mfrac><mspace width="0.2778em"></mspace><mi>■</mi></mrow></mtd></mtr></mtable></math></p>
",
          },
        ],
      },
    ],
  },
}
`;
